2026-04-16T18:03:48.273+1000 [DEBUG] [org.gradle.launcher.daemon.bootstrap.DaemonMain] Assuming the daemon was started with following jvm opts: [-XX:MaxMetaspaceSize=384m, -XX:+HeapDumpOnOutOfMemoryError, -Xms256m, -Xmx512m, -Dfile.encoding=UTF-8, -Duser.country=US, -Duser.language=en, -Duser.variant]
2026-04-16T18:03:48.558+1000 [DEBUG] [org.gradle.internal.remote.internal.inet.InetAddresses] Adding IP addresses for network interface Realtek PCIe GbE Family Controller-WFP Native MAC Layer LightWeight Filter-0000
2026-04-16T18:03:48.561+1000 [DEBUG] [org.gradle.internal.remote.internal.inet.InetAddresses] Is this a loopback interface? false
2026-04-16T18:03:48.562+1000 [DEBUG] [org.gradle.internal.remote.internal.inet.InetAddresses] Adding IP addresses for network interface Realtek PCIe GbE Family Controller-QoS Packet Scheduler-0000
2026-04-16T18:03:48.563+1000 [DEBUG] [org.gradle.internal.remote.internal.inet.InetAddresses] Is this a loopback interface? false
2026-04-16T18:03:48.563+1000 [DEBUG] [org.gradle.internal.remote.internal.inet.InetAddresses] Adding IP addresses for network interface Realtek PCIe GbE Family Controller-WFP 802.3 MAC Layer LightWeight Filter-0000
2026-04-16T18:03:48.564+1000 [DEBUG] [org.gradle.internal.remote.internal.inet.InetAddresses] Is this a loopback interface? false
2026-04-16T18:03:48.564+1000 [DEBUG] [org.gradle.internal.remote.internal.inet.InetAddresses] Adding IP addresses for network interface WAN Miniport (IP)-WFP Native MAC Layer LightWeight Filter-0000
2026-04-16T18:03:48.565+1000 [DEBUG] [org.gradle.internal.remote.internal.inet.InetAddresses] Is this a loopback interface? false
2026-04-16T18:03:48.565+1000 [DEBUG] [org.gradle.internal.remote.internal.inet.InetAddresses] Adding IP addresses for network interface WAN Miniport (IP)-QoS Packet Scheduler-0000
2026-04-16T18:03:48.566+1000 [DEBUG] [org.gradle.internal.remote.internal.inet.InetAddresses] Is this a loopback interface? false
2026-04-16T18:03:48.566+1000 [DEBUG] [org.gradle.internal.remote.internal.inet.InetAddresses] Adding IP addresses for network interface WAN Miniport (IPv6)-WFP Native MAC Layer LightWeight Filter-0000
2026-04-16T18:03:48.569+1000 [DEBUG] [org.gradle.internal.remote.internal.inet.InetAddresses] Is this a loopback interface? false
2026-04-16T18:03:48.570+1000 [DEBUG] [org.gradle.internal.remote.internal.inet.InetAddresses] Adding IP addresses for network interface WAN Miniport (IPv6)-QoS Packet Scheduler-0000
2026-04-16T18:03:48.571+1000 [DEBUG] [org.gradle.internal.remote.internal.inet.InetAddresses] Is this a loopback interface? false
2026-04-16T18:03:48.571+1000 [DEBUG] [org.gradle.internal.remote.internal.inet.InetAddresses] Adding IP addresses for network interface WAN Miniport (Network Monitor)-WFP Native MAC Layer LightWeight Filter-0000
2026-04-16T18:03:48.572+1000 [DEBUG] [org.gradle.internal.remote.internal.inet.InetAddresses] Is this a loopback interface? false
2026-04-16T18:03:48.573+1000 [DEBUG] [org.gradle.internal.remote.internal.inet.InetAddresses] Adding IP addresses for network interface WAN Miniport (Network Monitor)-QoS Packet Scheduler-0000
2026-04-16T18:03:48.574+1000 [DEBUG] [org.gradle.internal.remote.internal.inet.InetAddresses] Is this a loopback interface? false
2026-04-16T18:03:48.575+1000 [DEBUG] [org.gradle.internal.remote.internal.inet.InetAddresses] Adding IP addresses for network interface Microsoft Kernel Debug Network Adapter
2026-04-16T18:03:48.575+1000 [DEBUG] [org.gradle.internal.remote.internal.inet.InetAddresses] Is this a loopback interface? false
2026-04-16T18:03:48.577+1000 [DEBUG] [org.gradle.internal.remote.internal.inet.InetAddresses] Adding IP addresses for network interface WAN Miniport (Network Monitor)
2026-04-16T18:03:48.577+1000 [DEBUG] [org.gradle.internal.remote.internal.inet.InetAddresses] Is this a loopback interface? false
2026-04-16T18:03:48.578+1000 [DEBUG] [org.gradle.internal.remote.internal.inet.InetAddresses] Adding IP addresses for network interface WAN Miniport (IP)
2026-04-16T18:03:48.578+1000 [DEBUG] [org.gradle.internal.remote.internal.inet.InetAddresses] Is this a loopback interface? false
2026-04-16T18:03:48.578+1000 [DEBUG] [org.gradle.internal.remote.internal.inet.InetAddresses] Adding IP addresses for network interface WAN Miniport (IPv6)
2026-04-16T18:03:48.579+1000 [DEBUG] [org.gradle.internal.remote.internal.inet.InetAddresses] Is this a loopback interface? false
2026-04-16T18:03:48.579+1000 [DEBUG] [org.gradle.internal.remote.internal.inet.InetAddresses] Adding IP addresses for network interface Realtek PCIe GbE Family Controller
2026-04-16T18:03:48.580+1000 [DEBUG] [org.gradle.internal.remote.internal.inet.InetAddresses] Is this a loopback interface? false
2026-04-16T18:03:48.580+1000 [DEBUG] [org.gradle.internal.remote.internal.inet.InetAddresses] Adding remote address /fe80:0:0:0:21c9:5b5e:4979:51ac%ethernet_32772
2026-04-16T18:03:48.581+1000 [DEBUG] [org.gradle.internal.remote.internal.inet.InetAddresses] Adding IP addresses for network interface VMware Virtual Ethernet Adapter for VMnet1
2026-04-16T18:03:48.582+1000 [DEBUG] [org.gradle.internal.remote.internal.inet.InetAddresses] Is this a loopback interface? false
2026-04-16T18:03:48.583+1000 [DEBUG] [org.gradle.internal.remote.internal.inet.InetAddresses] Adding remote address /fe80:0:0:0:3ef0:d725:b4db:4498%ethernet_32774
2026-04-16T18:03:48.584+1000 [DEBUG] [org.gradle.internal.remote.internal.inet.InetAddresses] Adding remote address /192.168.57.1
2026-04-16T18:03:48.584+1000 [DEBUG] [org.gradle.internal.remote.internal.inet.InetAddresses] Adding IP addresses for network interface VMware Virtual Ethernet Adapter for VMnet8
2026-04-16T18:03:48.585+1000 [DEBUG] [org.gradle.internal.remote.internal.inet.InetAddresses] Is this a loopback interface? false
2026-04-16T18:03:48.585+1000 [DEBUG] [org.gradle.internal.remote.internal.inet.InetAddresses] Adding remote address /fe80:0:0:0:34be:b787:e972:5355%ethernet_32775
2026-04-16T18:03:48.586+1000 [DEBUG] [org.gradle.internal.remote.internal.inet.InetAddresses] Adding remote address /192.168.47.1
2026-04-16T18:03:48.586+1000 [DEBUG] [org.gradle.internal.remote.internal.inet.InetAddresses] Adding IP addresses for network interface WAN Miniport (PPPOE)
2026-04-16T18:03:48.586+1000 [DEBUG] [org.gradle.internal.remote.internal.inet.InetAddresses] Is this a loopback interface? false
2026-04-16T18:03:48.587+1000 [DEBUG] [org.gradle.internal.remote.internal.inet.InetAddresses] Adding IP addresses for network interface Software Loopback Interface 1
2026-04-16T18:03:48.588+1000 [DEBUG] [org.gradle.internal.remote.internal.inet.InetAddresses] Is this a loopback interface? true
2026-04-16T18:03:48.591+1000 [DEBUG] [org.gradle.internal.remote.internal.inet.InetAddresses] Adding loopback address /0:0:0:0:0:0:0:1
2026-04-16T18:03:48.592+1000 [DEBUG] [org.gradle.internal.remote.internal.inet.InetAddresses] Adding loopback address /127.0.0.1
2026-04-16T18:03:48.592+1000 [DEBUG] [org.gradle.internal.remote.internal.inet.InetAddresses] Adding IP addresses for network interface TAP-Windows Adapter V9 for OpenVPN Connect-WFP Native MAC Layer LightWeight Filter-0000
2026-04-16T18:03:48.594+1000 [DEBUG] [org.gradle.internal.remote.internal.inet.InetAddresses] Is this a loopback interface? false
2026-04-16T18:03:48.595+1000 [DEBUG] [org.gradle.internal.remote.internal.inet.InetAddresses] Adding IP addresses for network interface TAP-Windows Adapter V9 for OpenVPN Connect-QoS Packet Scheduler-0000
2026-04-16T18:03:48.596+1000 [DEBUG] [org.gradle.internal.remote.internal.inet.InetAddresses] Is this a loopback interface? false
2026-04-16T18:03:48.596+1000 [DEBUG] [org.gradle.internal.remote.internal.inet.InetAddresses] Adding IP addresses for network interface TAP-Windows Adapter V9 for OpenVPN Connect-WFP 802.3 MAC Layer LightWeight Filter-0000
2026-04-16T18:03:48.597+1000 [DEBUG] [org.gradle.internal.remote.internal.inet.InetAddresses] Is this a loopback interface? false
2026-04-16T18:03:48.597+1000 [DEBUG] [org.gradle.internal.remote.internal.inet.InetAddresses] Adding IP addresses for network interface TAP-Windows Adapter V9 for OpenVPN Connect
2026-04-16T18:03:48.598+1000 [DEBUG] [org.gradle.internal.remote.internal.inet.InetAddresses] Is this a loopback interface? false
2026-04-16T18:03:48.598+1000 [DEBUG] [org.gradle.internal.remote.internal.inet.InetAddresses] Adding remote address /fe80:0:0:0:5ece:ac5e:f1a6:a8bf%iftype53_32768
2026-04-16T18:03:48.599+1000 [DEBUG] [org.gradle.internal.remote.internal.inet.InetAddresses] Adding IP addresses for network interface OpenVPN Data Channel Offload
2026-04-16T18:03:48.599+1000 [DEBUG] [org.gradle.internal.remote.internal.inet.InetAddresses] Is this a loopback interface? false
2026-04-16T18:03:48.599+1000 [DEBUG] [org.gradle.internal.remote.internal.inet.InetAddresses] Adding remote address /fe80:0:0:0:39b5:4665:b2f5:8a7d%iftype53_32769
2026-04-16T18:03:48.600+1000 [DEBUG] [org.gradle.internal.remote.internal.inet.InetAddresses] Adding IP addresses for network interface MediaTek Wi-Fi 6 MT7921 Wireless LAN Card-WFP Native MAC Layer LightWeight Filter-0000
2026-04-16T18:03:48.600+1000 [DEBUG] [org.gradle.internal.remote.internal.inet.InetAddresses] Is this a loopback interface? false
2026-04-16T18:03:48.600+1000 [DEBUG] [org.gradle.internal.remote.internal.inet.InetAddresses] Adding IP addresses for network interface MediaTek Wi-Fi 6 MT7921 Wireless LAN Card-Virtual WiFi Filter Driver-0000
2026-04-16T18:03:48.601+1000 [DEBUG] [org.gradle.internal.remote.internal.inet.InetAddresses] Is this a loopback interface? false
2026-04-16T18:03:48.601+1000 [DEBUG] [org.gradle.internal.remote.internal.inet.InetAddresses] Adding IP addresses for network interface MediaTek Wi-Fi 6 MT7921 Wireless LAN Card-Native WiFi Filter Driver-0000
2026-04-16T18:03:48.601+1000 [DEBUG] [org.gradle.internal.remote.internal.inet.InetAddresses] Is this a loopback interface? false
2026-04-16T18:03:48.602+1000 [DEBUG] [org.gradle.internal.remote.internal.inet.InetAddresses] Adding IP addresses for network interface MediaTek Wi-Fi 6 MT7921 Wireless LAN Card-QoS Packet Scheduler-0000
2026-04-16T18:03:48.603+1000 [DEBUG] [org.gradle.internal.remote.internal.inet.InetAddresses] Is this a loopback interface? false
2026-04-16T18:03:48.603+1000 [DEBUG] [org.gradle.internal.remote.internal.inet.InetAddresses] Adding IP addresses for network interface MediaTek Wi-Fi 6 MT7921 Wireless LAN Card-WFP 802.3 MAC Layer LightWeight Filter-0000
2026-04-16T18:03:48.604+1000 [DEBUG] [org.gradle.internal.remote.internal.inet.InetAddresses] Is this a loopback interface? false
2026-04-16T18:03:48.604+1000 [DEBUG] [org.gradle.internal.remote.internal.inet.InetAddresses] Adding IP addresses for network interface Microsoft Wi-Fi Direct Virtual Adapter #3-WFP Native MAC Layer LightWeight Filter-0000
2026-04-16T18:03:48.604+1000 [DEBUG] [org.gradle.internal.remote.internal.inet.InetAddresses] Is this a loopback interface? false
2026-04-16T18:03:48.605+1000 [DEBUG] [org.gradle.internal.remote.internal.inet.InetAddresses] Adding IP addresses for network interface Microsoft Wi-Fi Direct Virtual Adapter #3-Native WiFi Filter Driver-0000
2026-04-16T18:03:48.605+1000 [DEBUG] [org.gradle.internal.remote.internal.inet.InetAddresses] Is this a loopback interface? false
2026-04-16T18:03:48.605+1000 [DEBUG] [org.gradle.internal.remote.internal.inet.InetAddresses] Adding IP addresses for network interface Microsoft Wi-Fi Direct Virtual Adapter #3-QoS Packet Scheduler-0000
2026-04-16T18:03:48.606+1000 [DEBUG] [org.gradle.internal.remote.internal.inet.InetAddresses] Is this a loopback interface? false
2026-04-16T18:03:48.606+1000 [DEBUG] [org.gradle.internal.remote.internal.inet.InetAddresses] Adding IP addresses for network interface Microsoft Wi-Fi Direct Virtual Adapter #3-WFP 802.3 MAC Layer LightWeight Filter-0000
2026-04-16T18:03:48.606+1000 [DEBUG] [org.gradle.internal.remote.internal.inet.InetAddresses] Is this a loopback interface? false
2026-04-16T18:03:48.606+1000 [DEBUG] [org.gradle.internal.remote.internal.inet.InetAddresses] Adding IP addresses for network interface Microsoft Wi-Fi Direct Virtual Adapter #4-WFP Native MAC Layer LightWeight Filter-0000
2026-04-16T18:03:48.607+1000 [DEBUG] [org.gradle.internal.remote.internal.inet.InetAddresses] Is this a loopback interface? false
2026-04-16T18:03:48.607+1000 [DEBUG] [org.gradle.internal.remote.internal.inet.InetAddresses] Adding IP addresses for network interface Microsoft Wi-Fi Direct Virtual Adapter #4-Native WiFi Filter Driver-0000
2026-04-16T18:03:48.607+1000 [DEBUG] [org.gradle.internal.remote.internal.inet.InetAddresses] Is this a loopback interface? false
2026-04-16T18:03:48.608+1000 [DEBUG] [org.gradle.internal.remote.internal.inet.InetAddresses] Adding IP addresses for network interface Microsoft Wi-Fi Direct Virtual Adapter #4-QoS Packet Scheduler-0000
2026-04-16T18:03:48.608+1000 [DEBUG] [org.gradle.internal.remote.internal.inet.InetAddresses] Is this a loopback interface? false
2026-04-16T18:03:48.609+1000 [DEBUG] [org.gradle.internal.remote.internal.inet.InetAddresses] Adding IP addresses for network interface Microsoft Wi-Fi Direct Virtual Adapter #4-WFP 802.3 MAC Layer LightWeight Filter-0000
2026-04-16T18:03:48.609+1000 [DEBUG] [org.gradle.internal.remote.internal.inet.InetAddresses] Is this a loopback interface? false
2026-04-16T18:03:48.609+1000 [DEBUG] [org.gradle.internal.remote.internal.inet.InetAddresses] Adding IP addresses for network interface MediaTek Wi-Fi 6 MT7921 Wireless LAN Card
2026-04-16T18:03:48.610+1000 [DEBUG] [org.gradle.internal.remote.internal.inet.InetAddresses] Is this a loopback interface? false
2026-04-16T18:03:48.610+1000 [DEBUG] [org.gradle.internal.remote.internal.inet.InetAddresses] Adding remote address /fe80:0:0:0:bfe9:79d0:21bf:d08e%wireless_32768
2026-04-16T18:03:48.610+1000 [DEBUG] [org.gradle.internal.remote.internal.inet.InetAddresses] Adding remote address /10.16.11.251
2026-04-16T18:03:48.610+1000 [DEBUG] [org.gradle.internal.remote.internal.inet.InetAddresses] Adding IP addresses for network interface Microsoft Wi-Fi Direct Virtual Adapter #3
2026-04-16T18:03:48.611+1000 [DEBUG] [org.gradle.internal.remote.internal.inet.InetAddresses] Is this a loopback interface? false
2026-04-16T18:03:48.611+1000 [DEBUG] [org.gradle.internal.remote.internal.inet.InetAddresses] Adding remote address /fe80:0:0:0:b5fa:98fb:a251:8a03%wireless_32771
2026-04-16T18:03:48.611+1000 [DEBUG] [org.gradle.internal.remote.internal.inet.InetAddresses] Adding IP addresses for network interface Microsoft Wi-Fi Direct Virtual Adapter #4
2026-04-16T18:03:48.611+1000 [DEBUG] [org.gradle.internal.remote.internal.inet.InetAddresses] Is this a loopback interface? false
2026-04-16T18:03:48.612+1000 [DEBUG] [org.gradle.internal.remote.internal.inet.InetAddresses] Adding remote address /fe80:0:0:0:128f:2a6d:4e48:e65b%wireless_32772
2026-04-16T18:03:48.612+1000 [DEBUG] [org.gradle.internal.remote.internal.inet.InetAddresses] Adding IP addresses for network interface Microsoft Teredo Tunneling Adapter
2026-04-16T18:03:48.612+1000 [DEBUG] [org.gradle.internal.remote.internal.inet.InetAddresses] Is this a loopback interface? false
2026-04-16T18:03:48.613+1000 [DEBUG] [org.gradle.internal.remote.internal.inet.InetAddresses] Adding IP addresses for network interface Microsoft IP-HTTPS Platform Adapter
2026-04-16T18:03:48.613+1000 [DEBUG] [org.gradle.internal.remote.internal.inet.InetAddresses] Is this a loopback interface? false
2026-04-16T18:03:48.613+1000 [DEBUG] [org.gradle.internal.remote.internal.inet.InetAddresses] Adding IP addresses for network interface Microsoft 6to4 Adapter
2026-04-16T18:03:48.614+1000 [DEBUG] [org.gradle.internal.remote.internal.inet.InetAddresses] Is this a loopback interface? false
2026-04-16T18:03:48.614+1000 [DEBUG] [org.gradle.internal.remote.internal.inet.InetAddresses] Adding IP addresses for network interface WAN Miniport (IKEv2)
2026-04-16T18:03:48.614+1000 [DEBUG] [org.gradle.internal.remote.internal.inet.InetAddresses] Is this a loopback interface? false
2026-04-16T18:03:48.614+1000 [DEBUG] [org.gradle.internal.remote.internal.inet.InetAddresses] Adding IP addresses for network interface WAN Miniport (L2TP)
2026-04-16T18:03:48.615+1000 [DEBUG] [org.gradle.internal.remote.internal.inet.InetAddresses] Is this a loopback interface? false
2026-04-16T18:03:48.615+1000 [DEBUG] [org.gradle.internal.remote.internal.inet.InetAddresses] Adding IP addresses for network interface WAN Miniport (PPTP)
2026-04-16T18:03:48.616+1000 [DEBUG] [org.gradle.internal.remote.internal.inet.InetAddresses] Is this a loopback interface? false
2026-04-16T18:03:48.616+1000 [DEBUG] [org.gradle.internal.remote.internal.inet.InetAddresses] Adding IP addresses for network interface WAN Miniport (SSTP)
2026-04-16T18:03:48.616+1000 [DEBUG] [org.gradle.internal.remote.internal.inet.InetAddresses] Is this a loopback interface? false
2026-04-16T18:03:48.700+1000 [INFO] [org.gradle.launcher.daemon.server.Daemon] start() called on daemon - DefaultDaemonContext[uid=bb864bf5-2bba-4d74-8cf5-bef4fb98f919,javaHome=C:\Program Files\Java\jdk-24,javaVersion=24,javaVendor=Oracle Corporation,daemonRegistryDir=C:\Users\ferid\Desktop\SpringBootProjects\chat\.gradle-user\daemon,pid=24744,idleTimeout=10800000,priority=NORMAL,applyInstrumentationAgent=true,nativeServicesMode=ENABLED,daemonOpts=-XX:MaxMetaspaceSize=384m,-XX:+HeapDumpOnOutOfMemoryError,-Xms256m,-Xmx512m,-Dfile.encoding=UTF-8,-Duser.country=US,-Duser.language=en,-Duser.variant]
2026-04-16T18:03:56.779+1000 [DEBUG] [org.gradle.internal.remote.internal.inet.TcpIncomingConnector] Listening on [f26aede0-7b90-462b-ab98-cc55f934832e port:64917, addresses:[localhost/127.0.0.1]].
2026-04-16T18:03:56.788+1000 [DEBUG] [org.gradle.launcher.daemon.server.Daemon] Daemon starting at: Thu Apr 16 18:03:56 AEST 2026, with address: [f26aede0-7b90-462b-ab98-cc55f934832e port:64917, addresses:[localhost/127.0.0.1]]
2026-04-16T18:03:56.788+1000 [INFO] [org.gradle.launcher.daemon.server.DaemonRegistryUpdater] Advertising the daemon address to the clients: [f26aede0-7b90-462b-ab98-cc55f934832e port:64917, addresses:[localhost/127.0.0.1]]
2026-04-16T18:03:56.789+1000 [DEBUG] [org.gradle.launcher.daemon.server.DaemonRegistryUpdater] Advertised daemon context: DefaultDaemonContext[uid=bb864bf5-2bba-4d74-8cf5-bef4fb98f919,javaHome=C:\Program Files\Java\jdk-24,javaVersion=24,javaVendor=Oracle Corporation,daemonRegistryDir=C:\Users\ferid\Desktop\SpringBootProjects\chat\.gradle-user\daemon,pid=24744,idleTimeout=10800000,priority=NORMAL,applyInstrumentationAgent=true,nativeServicesMode=ENABLED,daemonOpts=-XX:MaxMetaspaceSize=384m,-XX:+HeapDumpOnOutOfMemoryError,-Xms256m,-Xmx512m,-Dfile.encoding=UTF-8,-Duser.country=US,-Duser.language=en,-Duser.variant]
2026-04-16T18:03:56.789+1000 [DEBUG] [org.gradle.launcher.daemon.registry.PersistentDaemonRegistry] Storing daemon address: [f26aede0-7b90-462b-ab98-cc55f934832e port:64917, addresses:[localhost/127.0.0.1]], context: DefaultDaemonContext[uid=bb864bf5-2bba-4d74-8cf5-bef4fb98f919,javaHome=C:\Program Files\Java\jdk-24,javaVersion=24,javaVendor=Oracle Corporation,daemonRegistryDir=C:\Users\ferid\Desktop\SpringBootProjects\chat\.gradle-user\daemon,pid=24744,idleTimeout=10800000,priority=NORMAL,applyInstrumentationAgent=true,nativeServicesMode=ENABLED,daemonOpts=-XX:MaxMetaspaceSize=384m,-XX:+HeapDumpOnOutOfMemoryError,-Xms256m,-Xmx512m,-Dfile.encoding=UTF-8,-Duser.country=US,-Duser.language=en,-Duser.variant]
2026-04-16T18:03:56.803+1000 [DEBUG] [org.gradle.cache.internal.DefaultFileLockManager] Waiting to acquire exclusive lock on daemon addresses registry.
2026-04-16T18:03:56.807+1000 [DEBUG] [org.gradle.cache.internal.DefaultFileLockManager] Lock acquired on daemon addresses registry.
2026-04-16T18:03:56.813+1000 [DEBUG] [org.gradle.cache.internal.DefaultFileLockManager] Releasing lock on daemon addresses registry.
2026-04-16T18:03:56.813+1000 [LIFECYCLE] [org.gradle.launcher.daemon.server.Daemon] Daemon server started.
2026-04-16T18:03:56.814+1000 [DEBUG] [org.gradle.launcher.daemon.bootstrap.DaemonStartupCommunication] Completed writing the daemon greeting. Closing streams...
2026-04-16T18:03:56.824+1000 [DEBUG] [org.gradle.launcher.daemon.server.Daemon] stopOnExpiration() called on daemon
2026-04-16T18:03:56.826+1000 [DEBUG] [org.gradle.internal.remote.internal.inet.TcpIncomingConnector] Accepted connection from /127.0.0.1:64918 to /127.0.0.1:64917.
2026-04-16T18:03:56.826+1000 [DEBUG] [org.gradle.launcher.daemon.server.Daemon] awaitExpiration() called on daemon
2026-04-16T18:03:56.827+1000 [DEBUG] [org.gradle.launcher.daemon.server.DaemonStateCoordinator] daemon is running. Sleeping until state changes.
2026-04-16T18:03:56.885+1000 [DEBUG] [org.gradle.launcher.daemon.server.SynchronizedDispatchConnection] thread 72: received class org.gradle.launcher.daemon.protocol.Build
2026-04-16T18:03:56.885+1000 [DEBUG] [org.gradle.launcher.daemon.server.DefaultDaemonConnection] thread 72: Received non-IO message from client: Build{id=b97236d9-578f-453e-932f-f15fdf4d6cca, currentDir=C:\Users\ferid\Desktop\SpringBootProjects\chat}
2026-04-16T18:03:56.885+1000 [INFO] [org.gradle.launcher.daemon.server.DefaultIncomingConnectionHandler] Received command: Build{id=b97236d9-578f-453e-932f-f15fdf4d6cca, currentDir=C:\Users\ferid\Desktop\SpringBootProjects\chat}.
2026-04-16T18:03:56.886+1000 [DEBUG] [org.gradle.launcher.daemon.server.DefaultIncomingConnectionHandler] Starting executing command: Build{id=b97236d9-578f-453e-932f-f15fdf4d6cca, currentDir=C:\Users\ferid\Desktop\SpringBootProjects\chat} with connection: socket connection from /127.0.0.1:64917 to /127.0.0.1:64918.
2026-04-16T18:03:56.888+1000 [DEBUG] [org.gradle.launcher.daemon.server.DaemonStateCoordinator] Command execution: started DaemonCommandExecution[command = Build{id=b97236d9-578f-453e-932f-f15fdf4d6cca, currentDir=C:\Users\ferid\Desktop\SpringBootProjects\chat}, connection = DefaultDaemonConnection: socket connection from /127.0.0.1:64917 to /127.0.0.1:64918] after 0.0018666666666666666 minutes of idle
2026-04-16T18:03:56.888+1000 [INFO] [org.gradle.launcher.daemon.server.DaemonRegistryUpdater] Marking the daemon as busy, address: [f26aede0-7b90-462b-ab98-cc55f934832e port:64917, addresses:[localhost/127.0.0.1]]
2026-04-16T18:03:56.889+1000 [DEBUG] [org.gradle.launcher.daemon.registry.PersistentDaemonRegistry] Marking busy by address: [f26aede0-7b90-462b-ab98-cc55f934832e port:64917, addresses:[localhost/127.0.0.1]]
2026-04-16T18:03:56.890+1000 [DEBUG] [org.gradle.cache.internal.DefaultFileLockManager] Waiting to acquire exclusive lock on daemon addresses registry.
2026-04-16T18:03:56.891+1000 [DEBUG] [org.gradle.cache.internal.DefaultFileLockManager] Lock acquired on daemon addresses registry.
2026-04-16T18:03:56.892+1000 [DEBUG] [org.gradle.cache.internal.DefaultFileLockManager] Releasing lock on daemon addresses registry.
2026-04-16T18:03:56.893+1000 [DEBUG] [org.gradle.launcher.daemon.server.DaemonStateCoordinator] resetting idle timer
2026-04-16T18:03:56.893+1000 [DEBUG] [org.gradle.launcher.daemon.server.DaemonStateCoordinator] daemon is running. Sleeping until state changes.
2026-04-16T18:03:56.894+1000 [INFO] [org.gradle.launcher.daemon.server.exec.StartBuildOrRespondWithBusy] Daemon is about to start building Build{id=b97236d9-578f-453e-932f-f15fdf4d6cca, currentDir=C:\Users\ferid\Desktop\SpringBootProjects\chat}. Dispatching build started information...
2026-04-16T18:03:56.894+1000 [DEBUG] [org.gradle.launcher.daemon.server.SynchronizedDispatchConnection] thread 74: dispatching org.gradle.launcher.daemon.protocol.BuildStarted@19ae32e6
2026-04-16T18:03:56.896+1000 [DEBUG] [org.gradle.launcher.daemon.server.exec.EstablishBuildEnvironment] Configuring env variables: [PATH, USERDOMAIN_ROAMINGPROFILE, PROCESSOR_LEVEL, GIT_PAGER, SESSIONNAME, ALLUSERSPROFILE, GIT_CONFIG_COUNT, PROCESSOR_ARCHITECTURE, PSModulePath, SystemDrive, =ExitCode, PT8HOME, EFC_11616_1592913036, DIRNAME, USERNAME, GIT_CONFIG_VALUE_0, ProgramFiles(x86), adb, CODEX_MANAGED_BY_NPM, APP_HOME, CODEX_SANDBOX_NETWORK_DISABLED, DEFAULT_JVM_OPTS, PATHEXT, DriverData, OneDriveConsumer, IntelliJ IDEA Community Edition, PAGER, ProgramData, ProgramW6432, HOMEPATH, PROCESSOR_IDENTIFIER, ProgramFiles, PUBLIC, LESS, windir, ZES_ENABLE_SYSMAN, LOCALAPPDATA, IntelliJ IDEA, USERDOMAIN, LOGONSERVER, PROMPT, JETBRAINS_INTELLIJ_COMMAND_END_MARKER, OneDrive, =C:, APPDATA, GRADLE_USER_HOME, JAVA_EXE, CODEX_THREAD_ID, CommonProgramFiles, GIT_CONFIG_KEY_0, OS, COMPUTERNAME, PROCESSOR_REVISION, CommonProgramW6432, ComSpec, APP_BASE_NAME, TERMINAL_EMULATOR, PSExecutionPolicyPreference, SystemRoot, TEMP, HOMEDRIVE, USERPROFILE, TMP, CommonProgramFiles(x86), NUMBER_OF_PROCESSORS]
2026-04-16T18:03:56.901+1000 [DEBUG] [org.gradle.launcher.daemon.server.exec.LogToClient] About to start relaying all logs to the client via the connection.
2026-04-16T18:03:56.901+1000 [INFO] [org.gradle.launcher.daemon.server.exec.LogToClient] The client will now receive all logging from the daemon (pid: 24744). The daemon log file: C:\Users\ferid\Desktop\SpringBootProjects\chat\.gradle-user\daemon\9.4.1\daemon-24744.out.log
2026-04-16T18:03:56.911+1000 [INFO] [org.gradle.launcher.daemon.server.exec.LogAndCheckHealth] Starting build in new daemon [memory: 512 MiB]
2026-04-16T18:03:56.916+1000 [DEBUG] [org.gradle.launcher.daemon.server.exec.ExecuteBuild] The daemon has started executing the build.
2026-04-16T18:03:56.916+1000 [DEBUG] [org.gradle.launcher.daemon.server.exec.ExecuteBuild] Executing build with daemon context: DefaultDaemonContext[uid=bb864bf5-2bba-4d74-8cf5-bef4fb98f919,javaHome=C:\Program Files\Java\jdk-24,javaVersion=24,javaVendor=Oracle Corporation,daemonRegistryDir=C:\Users\ferid\Desktop\SpringBootProjects\chat\.gradle-user\daemon,pid=24744,idleTimeout=10800000,priority=NORMAL,applyInstrumentationAgent=true,nativeServicesMode=ENABLED,daemonOpts=-XX:MaxMetaspaceSize=384m,-XX:+HeapDumpOnOutOfMemoryError,-Xms256m,-Xmx512m,-Dfile.encoding=UTF-8,-Duser.country=US,-Duser.language=en,-Duser.variant]

------------------------------------------------------------
Root project 'chat'
------------------------------------------------------------

runtimeClasspath - Runtime classpath of source set 'main'.

FAILURE: Build failed with an exception.

* What went wrong:
Execution failed for task ':dependencies'.
> Could not resolve all dependencies for configuration ':runtimeClasspath'.
   > Failed to calculate the value of task ':compileJava' property 'javaCompiler'.
      > Cannot find a Java installation on your machine (Windows 11 10.0 amd64) matching: {languageVersion=21, vendor=any vendor, implementation=vendor-specific, nativeImageCapable=false}. Toolchain download repositories have not been configured.

* Try:
> Learn more about toolchain auto-detection and auto-provisioning at https://docs.gradle.org/9.4.1/userguide/toolchains.html#sec:auto_detection.
> Learn more about toolchain repositories at https://docs.gradle.org/9.4.1/userguide/toolchains.html#sub:download_repositories.
> Run with --stacktrace option to get the stack trace.
> Run with --info or --debug option to get more log output.
> Run with --scan to get full insights from a Build Scan (powered by Develocity).
> Get more help at https://help.gradle.org.

BUILD FAILED in 24s
1 actionable task: 1 executed
2026-04-16T18:04:02.626+1000 [DEBUG] [org.gradle.launcher.daemon.server.exec.ExecuteBuild] The daemon has finished executing the build.
2026-04-16T18:04:02.636+1000 [DEBUG] [org.gradle.launcher.daemon.server.DaemonStateCoordinator] daemon is running. Sleeping until state changes.
2026-04-16T18:04:02.636+1000 [DEBUG] [org.gradle.launcher.daemon.server.DaemonStateCoordinator] Command execution: finished waiting for DaemonCommandExecution[command = Build{id=b97236d9-578f-453e-932f-f15fdf4d6cca, currentDir=C:\Users\ferid\Desktop\SpringBootProjects\chat}, connection = DefaultDaemonConnection: socket connection from /127.0.0.1:64917 to /127.0.0.1:64918]. Result org.gradle.launcher.daemon.server.DaemonStateCoordinator@63df3aa4 with state Busy
2026-04-16T18:04:02.636+1000 [DEBUG] [org.gradle.launcher.daemon.server.DaemonStateCoordinator] Command execution: completed DaemonCommandExecution[command = Build{id=b97236d9-578f-453e-932f-f15fdf4d6cca, currentDir=C:\Users\ferid\Desktop\SpringBootProjects\chat}, connection = DefaultDaemonConnection: socket connection from /127.0.0.1:64917 to /127.0.0.1:64918]
2026-04-16T18:04:02.637+1000 [DEBUG] [org.gradle.launcher.daemon.server.DaemonStateCoordinator] resetting idle timer
2026-04-16T18:04:02.637+1000 [INFO] [org.gradle.launcher.daemon.server.DaemonRegistryUpdater] Marking the daemon as idle, address: [f26aede0-7b90-462b-ab98-cc55f934832e port:64917, addresses:[localhost/127.0.0.1]]
2026-04-16T18:04:02.637+1000 [DEBUG] [org.gradle.launcher.daemon.registry.PersistentDaemonRegistry] Marking busy by address: [f26aede0-7b90-462b-ab98-cc55f934832e port:64917, addresses:[localhost/127.0.0.1]]
2026-04-16T18:04:02.638+1000 [DEBUG] [org.gradle.cache.internal.DefaultFileLockManager] Waiting to acquire exclusive lock on daemon addresses registry.
2026-04-16T18:04:02.639+1000 [DEBUG] [org.gradle.cache.internal.DefaultFileLockManager] Lock acquired on daemon addresses registry.
2026-04-16T18:04:02.641+1000 [DEBUG] [org.gradle.cache.internal.DefaultFileLockManager] Releasing lock on daemon addresses registry.
2026-04-16T18:04:02.641+1000 [DEBUG] [org.gradle.launcher.daemon.server.DaemonStateCoordinator] daemon is running. Sleeping until state changes.
2026-04-16T18:04:02.642+1000 [DEBUG] [org.gradle.launcher.daemon.server.exec.ReturnResult] Daemon is dispatching the build result: Success[value=org.gradle.launcher.exec.BuildActionResult@6e3cf141]
2026-04-16T18:04:02.642+1000 [DEBUG] [org.gradle.launcher.daemon.server.SynchronizedDispatchConnection] thread 71: dispatching Success[value=org.gradle.launcher.exec.BuildActionResult@6e3cf141]
2026-04-16T18:04:02.649+1000 [DEBUG] [org.gradle.launcher.daemon.server.exec.CleanUpVirtualFileSystemAfterBuild] Cleaning virtual file system after build finished
2026-04-16T18:04:02.650+1000 [DEBUG] [org.gradle.launcher.daemon.server.DefaultIncomingConnectionHandler] Finishing executing command: Build{id=b97236d9-578f-453e-932f-f15fdf4d6cca, currentDir=C:\Users\ferid\Desktop\SpringBootProjects\chat}
2026-04-16T18:04:02.710+1000 [DEBUG] [org.gradle.launcher.daemon.server.SynchronizedDispatchConnection] thread 72: received class org.gradle.launcher.daemon.protocol.CloseInput
2026-04-16T18:04:02.710+1000 [DEBUG] [org.gradle.launcher.daemon.server.DefaultDaemonConnection] thread 72: Received IO message from client: org.gradle.launcher.daemon.protocol.CloseInput@6d0ee397
2026-04-16T18:04:02.710+1000 [DEBUG] [org.gradle.launcher.daemon.server.SynchronizedDispatchConnection] thread 72: received class org.gradle.launcher.daemon.protocol.Finished
2026-04-16T18:04:02.711+1000 [DEBUG] [org.gradle.launcher.daemon.server.DefaultDaemonConnection] thread 72: Received non-IO message from client: org.gradle.launcher.daemon.protocol.Finished@44cc3489
2026-04-16T18:04:02.711+1000 [DEBUG] [org.gradle.launcher.daemon.server.DefaultIncomingConnectionHandler] Received finished message: org.gradle.launcher.daemon.protocol.Finished@44cc3489
2026-04-16T18:04:02.711+1000 [DEBUG] [org.gradle.internal.remote.internal.inet.SocketConnection] Discarding EOFException: java.io.EOFException
2026-04-16T18:04:02.711+1000 [DEBUG] [org.gradle.launcher.daemon.server.SynchronizedDispatchConnection] thread 72: received null
2026-04-16T18:04:02.711+1000 [DEBUG] [org.gradle.launcher.daemon.server.DefaultDaemonConnection] thread 72: Received end-of-input from client.
2026-04-16T18:04:02.711+1000 [DEBUG] [org.gradle.launcher.daemon.server.SynchronizedDispatchConnection] thread 71: stopping connection
2026-04-16T18:04:02.713+1000 [DEBUG] [org.gradle.launcher.daemon.server.SynchronizedDispatchConnection] thread 71: stopping connection
